[00:01:37] RUN SUMMARY: files=0 dispatched=0 partial=0 skipped=0 failed=0
[00:06:38]   -> Backlog OK (triage:Pending_Email_Triage)
[00:06:38]   -> GovLog OK (triage:Pending_Email_Triage)
[00:06:38] TRIAGE: updated Pending_Email_Triage.md, 3 task(s) remain
[00:06:38] RUN SUMMARY: files=1 dispatched=1 partial=0 skipped=0 failed=0
[09:31:42] SKIP (triage: no checked lines): Pending_Email_Triage.md
[09:31:42] RUN SUMMARY: files=1 dispatched=0 partial=0 skipped=1 failed=0
[09:36:38] SKIP (triage: no checked lines): Pending_Email_Triage.md
[09:36:38] RUN SUMMARY: files=1 dispatched=0 partial=0 skipped=1 failed=0
[09:41:38] SKIP (triage: no checked lines): Pending_Email_Triage.md
[09:41:38] RUN SUMMARY: files=1 dispatched=0 partial=0 skipped=1 failed=0
[09:46:37] SKIP (triage: no checked lines): Pending_Email_Triage.md
[09:46:37] RUN SUMMARY: files=1 dispatched=0 partial=0 skipped=1 failed=0
[09:51:37] SKIP (triage: no checked lines): Pending_Email_Triage.md
[09:51:37] RUN SUMMARY: files=1 dispatched=0 partial=0 skipped=1 failed=0
[09:56:37] SKIP (triage: no checked lines): Pending_Email_Triage.md
[09:56:37] RUN SUMMARY: files=1 dispatched=0 partial=0 skipped=1 failed=0
[10:01:37] SKIP (triage: no checked lines): Pending_Email_Triage.md
[10:01:37] RUN SUMMARY: files=1 dispatched=0 partial=0 skipped=1 failed=0
[10:06:37] SKIP (triage: no checked lines): Pending_Email_Triage.md
[10:06:37] RUN SUMMARY: files=1 dispatched=0 partial=0 skipped=1 failed=0
[10:11:37] SKIP (triage: no checked lines): Pending_Email_Triage.md
[10:11:37] RUN SUMMARY: files=1 dispatched=0 partial=0 skipped=1 failed=0
[10:16:38] SKIP (triage: no checked lines): Pending_Email_Triage.md
[10:16:38] RUN SUMMARY: files=1 dispatched=0 partial=0 skipped=1 failed=0
[10:21:38] SKIP (triage: no checked lines): Pending_Email_Triage.md
[10:21:38] RUN SUMMARY: files=1 dispatched=0 partial=0 skipped=1 failed=0
[10:26:37] SKIP (triage: no checked lines): Pending_Email_Triage.md
[10:26:37] RUN SUMMARY: files=1 dispatched=0 partial=0 skipped=1 failed=0
[10:31:37] SKIP (age 28.2863329s): Pending_Email_Triage.md
[10:31:37] RUN SUMMARY: files=1 dispatched=0 partial=0 skipped=1 failed=0
[10:36:38]   -> Backlog OK (triage:Pending_Email_Triage)
[10:36:38]   -> GovLog OK (triage:Pending_Email_Triage)
[10:36:38] TRIAGE: updated Pending_Email_Triage.md, 7 task(s) remain
[10:36:38] RUN SUMMARY: files=1 dispatched=1 partial=0 skipped=0 failed=0
[10:41:38] SKIP (triage: no checked lines): Pending_Email_Triage.md
[10:41:38] SKIP (empty, age 115.404836s): Scope Risk Dashboard.md
[10:41:38] RUN SUMMARY: files=2 dispatched=0 partial=0 skipped=2 failed=0
[10:46:38] SKIP (triage: no checked lines): Pending_Email_Triage.md
[10:46:38] SKIP (empty, age 415.4513245s): Scope Risk Dashboard.md
[10:46:38] RUN SUMMARY: files=2 dispatched=0 partial=0 skipped=2 failed=0
[10:51:38] SKIP (triage: no checked lines): Pending_Email_Triage.md
[10:51:38] SKIP (empty, age 715.4404006s): Scope Risk Dashboard.md
[10:51:38] RUN SUMMARY: files=2 dispatched=0 partial=0 skipped=2 failed=0
[10:56:38] SKIP (triage: no checked lines): Pending_Email_Triage.md
[10:56:38] SKIP (empty, age 1015.4198942s): Scope Risk Dashboard.md
[10:56:38] RUN SUMMARY: files=2 dispatched=0 partial=0 skipped=2 failed=0
[11:01:38] SKIP (triage: no checked lines): Pending_Email_Triage.md
[11:01:38] RUN SUMMARY: files=1 dispatched=0 partial=0 skipped=1 failed=0
[11:06:38] SKIP (triage: no checked lines): Pending_Email_Triage.md
[11:06:38] RUN SUMMARY: files=1 dispatched=0 partial=0 skipped=1 failed=0
[11:11:38] SKIP (triage: no checked lines): Pending_Email_Triage.md
[11:11:38] RUN SUMMARY: files=1 dispatched=0 partial=0 skipped=1 failed=0
[11:16:38] SKIP (triage: no checked lines): Pending_Email_Triage.md
[11:16:38] RUN SUMMARY: files=1 dispatched=0 partial=0 skipped=1 failed=0
[11:21:38] SKIP (triage: no checked lines): Pending_Email_Triage.md
[11:21:38] RUN SUMMARY: files=1 dispatched=0 partial=0 skipped=1 failed=0
[11:26:38] SKIP (triage: no checked lines): Pending_Email_Triage.md
[11:26:38] RUN SUMMARY: files=1 dispatched=0 partial=0 skipped=1 failed=0
[11:31:38] SKIP (triage: no checked lines): Pending_Email_Triage.md
[11:31:38] RUN SUMMARY: files=1 dispatched=0 partial=0 skipped=1 failed=0
[11:36:38] SKIP (triage: no checked lines): Pending_Email_Triage.md
[11:36:39] RUN SUMMARY: files=1 dispatched=0 partial=0 skipped=1 failed=0
[11:41:38] SKIP (triage: no checked lines): Pending_Email_Triage.md
[11:41:38] RUN SUMMARY: files=1 dispatched=0 partial=0 skipped=1 failed=0
[11:46:38] SKIP (triage: no checked lines): Pending_Email_Triage.md
[11:46:38] RUN SUMMARY: files=1 dispatched=0 partial=0 skipped=1 failed=0
[11:51:38] SKIP (triage: no checked lines): Pending_Email_Triage.md
[11:51:38] RUN SUMMARY: files=1 dispatched=0 partial=0 skipped=1 failed=0
[11:56:38] SKIP (triage: no checked lines): Pending_Email_Triage.md
[11:56:38] RUN SUMMARY: files=1 dispatched=0 partial=0 skipped=1 failed=0
[12:01:38] SKIP (triage: no checked lines): Pending_Email_Triage.md
[12:01:38] RUN SUMMARY: files=1 dispatched=0 partial=0 skipped=1 failed=0
[12:06:38] SKIP (triage: no checked lines): Pending_Email_Triage.md
[12:06:38] RUN SUMMARY: files=1 dispatched=0 partial=0 skipped=1 failed=0
[12:11:38] SKIP (triage: no checked lines): Pending_Email_Triage.md
[12:11:38] RUN SUMMARY: files=1 dispatched=0 partial=0 skipped=1 failed=0
[12:16:38] SKIP (triage: no checked lines): Pending_Email_Triage.md
[12:16:38] RUN SUMMARY: files=1 dispatched=0 partial=0 skipped=1 failed=0
[12:21:38] SKIP (triage: no checked lines): Pending_Email_Triage.md
[12:21:38] RUN SUMMARY: files=1 dispatched=0 partial=0 skipped=1 failed=0
[12:26:38] SKIP (triage: no checked lines): Pending_Email_Triage.md
[12:26:38] RUN SUMMARY: files=1 dispatched=0 partial=0 skipped=1 failed=0
[12:31:38] SKIP (triage: no checked lines): Pending_Email_Triage.md
[12:31:38] RUN SUMMARY: files=1 dispatched=0 partial=0 skipped=1 failed=0
[12:36:38] SKIP (triage: no checked lines): Pending_Email_Triage.md
[12:36:38] RUN SUMMARY: files=1 dispatched=0 partial=0 skipped=1 failed=0
[12:41:38] SKIP (triage: no checked lines): Pending_Email_Triage.md
[12:41:38] RUN SUMMARY: files=1 dispatched=0 partial=0 skipped=1 failed=0
[12:46:38] SKIP (triage: no checked lines): Pending_Email_Triage.md
[12:46:38] RUN SUMMARY: files=1 dispatched=0 partial=0 skipped=1 failed=0
[12:51:38] SKIP (triage: no checked lines): Pending_Email_Triage.md
[12:51:38] RUN SUMMARY: files=1 dispatched=0 partial=0 skipped=1 failed=0
[12:56:38] SKIP (triage: no checked lines): Pending_Email_Triage.md
[12:56:38] RUN SUMMARY: files=1 dispatched=0 partial=0 skipped=1 failed=0
[13:01:38] SKIP (triage: no checked lines): Pending_Email_Triage.md
[13:01:38] RUN SUMMARY: files=1 dispatched=0 partial=0 skipped=1 failed=0
[13:06:38] SKIP (triage: no checked lines): Pending_Email_Triage.md
[13:06:38] RUN SUMMARY: files=1 dispatched=0 partial=0 skipped=1 failed=0
[13:11:38]   -> Backlog OK (triage:Pending_Email_Triage)
[13:11:38]   -> GovLog OK (triage:Pending_Email_Triage)
[13:11:38] TRIAGE: updated Pending_Email_Triage.md, 7 task(s) remain
[13:11:38] SKIP (no tags): Untitled.md
[13:11:38] RUN SUMMARY: files=2 dispatched=1 partial=0 skipped=1 failed=0
[13:16:38] SKIP (no tags): Untitled.md
[13:16:38] SKIP (triage: no checked lines): Pending_Email_Triage.md
[13:16:38] RUN SUMMARY: files=2 dispatched=0 partial=0 skipped=2 failed=0
[13:21:38] SKIP (no tags): Untitled.md
[13:21:38] SKIP (triage: no checked lines): Pending_Email_Triage.md
[13:21:38] RUN SUMMARY: files=2 dispatched=0 partial=0 skipped=2 failed=0
[13:26:38] SKIP (no tags): Untitled.md
[13:26:38] SKIP (triage: no checked lines): Pending_Email_Triage.md
[13:26:38] RUN SUMMARY: files=2 dispatched=0 partial=0 skipped=2 failed=0
[13:31:38] SKIP (no tags): Untitled.md
[13:31:38] SKIP (triage: no checked lines): Pending_Email_Triage.md
[13:31:38] RUN SUMMARY: files=2 dispatched=0 partial=0 skipped=2 failed=0
[13:36:38] SKIP (no tags): Untitled.md
[13:36:38] SKIP (triage: no checked lines): Pending_Email_Triage.md
[13:36:38] RUN SUMMARY: files=2 dispatched=0 partial=0 skipped=2 failed=0
[13:41:38] SKIP (triage: no checked lines): Pending_Email_Triage.md
[13:41:38] SKIP (no tags): Meeting Summary - Alice Product & Technical Review.md
[13:41:39] RUN SUMMARY: files=2 dispatched=0 partial=0 skipped=2 failed=0
[13:46:38] SKIP (triage: no checked lines): Pending_Email_Triage.md
[13:46:38] SKIP (age 12.8866756s): Meeting Summary - Alice Product & Technical Review.md
[13:46:38] RUN SUMMARY: files=2 dispatched=0 partial=0 skipped=2 failed=0
[13:51:38] SKIP (triage: no checked lines): Pending_Email_Triage.md
[13:51:38] RUN SUMMARY: files=1 dispatched=0 partial=0 skipped=1 failed=0
[13:56:38]   -> Backlog OK (triage:Pending_Email_Triage)
[13:56:38]   -> GovLog OK (triage:Pending_Email_Triage)
[13:56:38]   -> Backlog OK (triage:Pending_Email_Triage)
[13:56:38]   -> GovLog OK (triage:Pending_Email_Triage)
[13:56:38] TRIAGE: updated Pending_Email_Triage.md, 5 task(s) remain
[13:56:38] RUN SUMMARY: files=1 dispatched=1 partial=0 skipped=0 failed=0
[14:01:38] SKIP (triage: no checked lines): Pending_Email_Triage.md
[14:01:38]   -> GovLog OK (OWA 2026 Audit & 2027 Fees — Outcomes & Actions.md)
[14:01:38] ARCHIVED: OWA 2026 Audit & 2027 Fees — Outcomes & Actions.md
[14:01:38] RUN SUMMARY: files=2 dispatched=1 partial=0 skipped=1 failed=0
[14:06:38] SKIP (triage: no checked lines): Pending_Email_Triage.md
[14:06:38] RUN SUMMARY: files=1 dispatched=0 partial=0 skipped=1 failed=0
[14:11:38] SKIP (triage: no checked lines): Pending_Email_Triage.md
[14:11:38] RUN SUMMARY: files=1 dispatched=0 partial=0 skipped=1 failed=0
[14:16:38] SKIP (triage: no checked lines): Pending_Email_Triage.md
[14:16:38] RUN SUMMARY: files=1 dispatched=0 partial=0 skipped=1 failed=0
[14:21:38] SKIP (triage: no checked lines): Pending_Email_Triage.md
[14:21:38] RUN SUMMARY: files=1 dispatched=0 partial=0 skipped=1 failed=0
[14:26:38] SKIP (triage: no checked lines): Pending_Email_Triage.md
[14:26:38] RUN SUMMARY: files=1 dispatched=0 partial=0 skipped=1 failed=0
[14:31:38] SKIP (triage: no checked lines): Pending_Email_Triage.md
[14:31:38] RUN SUMMARY: files=1 dispatched=0 partial=0 skipped=1 failed=0
[14:36:38] SKIP (triage: no checked lines): Pending_Email_Triage.md
[14:36:38] RUN SUMMARY: files=1 dispatched=0 partial=0 skipped=1 failed=0
[14:41:38] SKIP (triage: no checked lines): Pending_Email_Triage.md
[14:41:38] RUN SUMMARY: files=1 dispatched=0 partial=0 skipped=1 failed=0
[14:46:38] SKIP (triage: no checked lines): Pending_Email_Triage.md
[14:46:38] RUN SUMMARY: files=1 dispatched=0 partial=0 skipped=1 failed=0
[14:51:38] SKIP (triage: no checked lines): Pending_Email_Triage.md
[14:51:38] RUN SUMMARY: files=1 dispatched=0 partial=0 skipped=1 failed=0
[14:56:38] SKIP (triage: no checked lines): Pending_Email_Triage.md
[14:56:38] RUN SUMMARY: files=1 dispatched=0 partial=0 skipped=1 failed=0
[15:01:38] SKIP (triage: no checked lines): Pending_Email_Triage.md
[15:01:38] RUN SUMMARY: files=1 dispatched=0 partial=0 skipped=1 failed=0
[15:06:38] SKIP (triage: no checked lines): Pending_Email_Triage.md
[15:06:38] RUN SUMMARY: files=1 dispatched=0 partial=0 skipped=1 failed=0
[15:11:38] SKIP (triage: no checked lines): Pending_Email_Triage.md
[15:11:38] RUN SUMMARY: files=1 dispatched=0 partial=0 skipped=1 failed=0
[15:16:38] SKIP (triage: no checked lines): Pending_Email_Triage.md
[15:16:38] RUN SUMMARY: files=1 dispatched=0 partial=0 skipped=1 failed=0
[15:21:38] SKIP (triage: no checked lines): Pending_Email_Triage.md
[15:21:38] RUN SUMMARY: files=1 dispatched=0 partial=0 skipped=1 failed=0
[15:26:38] SKIP (triage: no checked lines): Pending_Email_Triage.md
[15:26:38] RUN SUMMARY: files=1 dispatched=0 partial=0 skipped=1 failed=0
[15:31:38] SKIP (triage: no checked lines): Pending_Email_Triage.md
[15:31:38] RUN SUMMARY: files=1 dispatched=0 partial=0 skipped=1 failed=0
[15:36:38]   -> Backlog OK (triage:Pending_Email_Triage)
[15:36:38]   -> GovLog OK (triage:Pending_Email_Triage)
[15:36:38]   -> Backlog OK (triage:Pending_Email_Triage)
[15:36:38]   -> GovLog OK (triage:Pending_Email_Triage)
[15:36:38]   -> Backlog OK (triage:Pending_Email_Triage)
[15:36:38]   -> GovLog OK (triage:Pending_Email_Triage)
[15:36:38]   -> Backlog OK (triage:Pending_Email_Triage)
[15:36:38]   -> GovLog OK (triage:Pending_Email_Triage)
[15:36:38]   -> Backlog OK (triage:Pending_Email_Triage)
[15:36:38]   -> GovLog OK (triage:Pending_Email_Triage)
[15:36:38] TRIAGE: all tasks cleared, archived Pending_Email_Triage.md
[15:36:38] RUN SUMMARY: files=1 dispatched=1 partial=0 skipped=0 failed=0
[15:41:38] RUN SUMMARY: files=0 dispatched=0 partial=0 skipped=0 failed=0
[15:46:38] RUN SUMMARY: files=0 dispatched=0 partial=0 skipped=0 failed=0
[15:51:38] RUN SUMMARY: files=0 dispatched=0 partial=0 skipped=0 failed=0
[15:56:38] RUN SUMMARY: files=0 dispatched=0 partial=0 skipped=0 failed=0
[16:01:38] RUN SUMMARY: files=0 dispatched=0 partial=0 skipped=0 failed=0
[16:06:38] RUN SUMMARY: files=0 dispatched=0 partial=0 skipped=0 failed=0
[16:11:38] RUN SUMMARY: files=0 dispatched=0 partial=0 skipped=0 failed=0
[16:16:38] RUN SUMMARY: files=0 dispatched=0 partial=0 skipped=0 failed=0
[16:21:38] RUN SUMMARY: files=0 dispatched=0 partial=0 skipped=0 failed=0
[16:26:38] RUN SUMMARY: files=0 dispatched=0 partial=0 skipped=0 failed=0
[16:31:38] RUN SUMMARY: files=0 dispatched=0 partial=0 skipped=0 failed=0
[16:36:38] RUN SUMMARY: files=0 dispatched=0 partial=0 skipped=0 failed=0
[16:41:38] RUN SUMMARY: files=0 dispatched=0 partial=0 skipped=0 failed=0
[16:46:38] RUN SUMMARY: files=0 dispatched=0 partial=0 skipped=0 failed=0
[16:51:38] RUN SUMMARY: files=0 dispatched=0 partial=0 skipped=0 failed=0
[16:56:38] RUN SUMMARY: files=0 dispatched=0 partial=0 skipped=0 failed=0
[17:01:38] RUN SUMMARY: files=0 dispatched=0 partial=0 skipped=0 failed=0
[17:06:38] RUN SUMMARY: files=0 dispatched=0 partial=0 skipped=0 failed=0
[17:11:38] RUN SUMMARY: files=0 dispatched=0 partial=0 skipped=0 failed=0
[17:16:38] RUN SUMMARY: files=0 dispatched=0 partial=0 skipped=0 failed=0
