[10:26:38]   -> GovLog OK (OWA update 1st Oct.md)
[10:26:38] ARCHIVED: OWA update 1st Oct.md
[10:26:38]   -> Backlog OK (AI relay.md)
[10:26:38] ARCHIVED: AI relay.md
[10:26:38] RUN SUMMARY: files=2 dispatched=2 partial=0 skipped=0 failed=0
[10:31:37] RUN SUMMARY: files=0 dispatched=0 partial=0 skipped=0 failed=0
[10:36:37] RUN SUMMARY: files=0 dispatched=0 partial=0 skipped=0 failed=0
[10:41:37] RUN SUMMARY: files=0 dispatched=0 partial=0 skipped=0 failed=0
[10:46:37] RUN SUMMARY: files=0 dispatched=0 partial=0 skipped=0 failed=0
[10:51:37] RUN SUMMARY: files=0 dispatched=0 partial=0 skipped=0 failed=0
[10:56:37] RUN SUMMARY: files=0 dispatched=0 partial=0 skipped=0 failed=0
[11:01:37] RUN SUMMARY: files=0 dispatched=0 partial=0 skipped=0 failed=0
[11:06:37] RUN SUMMARY: files=0 dispatched=0 partial=0 skipped=0 failed=0
[11:11:37] RUN SUMMARY: files=0 dispatched=0 partial=0 skipped=0 failed=0
[11:16:37] RUN SUMMARY: files=0 dispatched=0 partial=0 skipped=0 failed=0
[11:21:37] RUN SUMMARY: files=0 dispatched=0 partial=0 skipped=0 failed=0
[11:26:37] RUN SUMMARY: files=0 dispatched=0 partial=0 skipped=0 failed=0
[11:31:37] RUN SUMMARY: files=0 dispatched=0 partial=0 skipped=0 failed=0
[11:36:37] RUN SUMMARY: files=0 dispatched=0 partial=0 skipped=0 failed=0
[11:41:37] RUN SUMMARY: files=0 dispatched=0 partial=0 skipped=0 failed=0
[11:46:37] RUN SUMMARY: files=0 dispatched=0 partial=0 skipped=0 failed=0
[11:51:37] RUN SUMMARY: files=0 dispatched=0 partial=0 skipped=0 failed=0
[11:56:37] RUN SUMMARY: files=0 dispatched=0 partial=0 skipped=0 failed=0
[12:01:37] RUN SUMMARY: files=0 dispatched=0 partial=0 skipped=0 failed=0
[12:06:37] RUN SUMMARY: files=0 dispatched=0 partial=0 skipped=0 failed=0
[12:11:37] RUN SUMMARY: files=0 dispatched=0 partial=0 skipped=0 failed=0
[12:16:37] RUN SUMMARY: files=0 dispatched=0 partial=0 skipped=0 failed=0
[12:21:37] RUN SUMMARY: files=0 dispatched=0 partial=0 skipped=0 failed=0
[12:26:37] RUN SUMMARY: files=0 dispatched=0 partial=0 skipped=0 failed=0
[12:31:37] RUN SUMMARY: files=0 dispatched=0 partial=0 skipped=0 failed=0
[12:36:37] RUN SUMMARY: files=0 dispatched=0 partial=0 skipped=0 failed=0
[12:41:37] RUN SUMMARY: files=0 dispatched=0 partial=0 skipped=0 failed=0
[12:46:37] RUN SUMMARY: files=0 dispatched=0 partial=0 skipped=0 failed=0
[12:51:37] RUN SUMMARY: files=0 dispatched=0 partial=0 skipped=0 failed=0
[12:56:37] RUN SUMMARY: files=0 dispatched=0 partial=0 skipped=0 failed=0
[13:01:37] RUN SUMMARY: files=0 dispatched=0 partial=0 skipped=0 failed=0
[13:06:37] RUN SUMMARY: files=0 dispatched=0 partial=0 skipped=0 failed=0
[13:11:37] RUN SUMMARY: files=0 dispatched=0 partial=0 skipped=0 failed=0
[13:16:37] RUN SUMMARY: files=0 dispatched=0 partial=0 skipped=0 failed=0
[13:21:37] RUN SUMMARY: files=0 dispatched=0 partial=0 skipped=0 failed=0
[13:26:37] RUN SUMMARY: files=0 dispatched=0 partial=0 skipped=0 failed=0
[13:31:37] RUN SUMMARY: files=0 dispatched=0 partial=0 skipped=0 failed=0
[13:36:37] RUN SUMMARY: files=0 dispatched=0 partial=0 skipped=0 failed=0
[13:41:37] RUN SUMMARY: files=0 dispatched=0 partial=0 skipped=0 failed=0
[13:46:37] RUN SUMMARY: files=0 dispatched=0 partial=0 skipped=0 failed=0
[13:51:37] RUN SUMMARY: files=0 dispatched=0 partial=0 skipped=0 failed=0
[13:56:37] RUN SUMMARY: files=0 dispatched=0 partial=0 skipped=0 failed=0
[14:01:37] RUN SUMMARY: files=0 dispatched=0 partial=0 skipped=0 failed=0
[14:06:37] RUN SUMMARY: files=0 dispatched=0 partial=0 skipped=0 failed=0
[14:11:37] RUN SUMMARY: files=0 dispatched=0 partial=0 skipped=0 failed=0
[14:16:37] RUN SUMMARY: files=0 dispatched=0 partial=0 skipped=0 failed=0
[14:21:37] RUN SUMMARY: files=0 dispatched=0 partial=0 skipped=0 failed=0
[14:26:37] RUN SUMMARY: files=0 dispatched=0 partial=0 skipped=0 failed=0
[14:31:37] RUN SUMMARY: files=0 dispatched=0 partial=0 skipped=0 failed=0
[14:36:37] RUN SUMMARY: files=0 dispatched=0 partial=0 skipped=0 failed=0
[14:41:37] RUN SUMMARY: files=0 dispatched=0 partial=0 skipped=0 failed=0
[14:46:37] RUN SUMMARY: files=0 dispatched=0 partial=0 skipped=0 failed=0
[14:51:37] RUN SUMMARY: files=0 dispatched=0 partial=0 skipped=0 failed=0
[14:56:37] RUN SUMMARY: files=0 dispatched=0 partial=0 skipped=0 failed=0
[15:01:37] RUN SUMMARY: files=0 dispatched=0 partial=0 skipped=0 failed=0
[15:06:37] RUN SUMMARY: files=0 dispatched=0 partial=0 skipped=0 failed=0
[15:11:37] RUN SUMMARY: files=0 dispatched=0 partial=0 skipped=0 failed=0
[15:16:37] RUN SUMMARY: files=0 dispatched=0 partial=0 skipped=0 failed=0
[15:21:37] RUN SUMMARY: files=0 dispatched=0 partial=0 skipped=0 failed=0
[15:26:38] SKIP (no tags): 2024-10-24 - Test.md
[15:26:38] RUN SUMMARY: files=1 dispatched=0 partial=0 skipped=1 failed=0
[15:31:38] SKIP (no tags): 2024-10-24 - Test.md
[15:31:38] RUN SUMMARY: files=1 dispatched=0 partial=0 skipped=1 failed=0
[15:36:38] SKIP (no tags): 2024-10-24 - Test.md
[15:36:38] RUN SUMMARY: files=1 dispatched=0 partial=0 skipped=1 failed=0
[15:41:38] SKIP (no tags): 2024-10-24 - Test.md
[15:41:38] RUN SUMMARY: files=1 dispatched=0 partial=0 skipped=1 failed=0
[15:46:38] SKIP (no tags): 2024-10-24 - Test.md
[15:46:38] RUN SUMMARY: files=1 dispatched=0 partial=0 skipped=1 failed=0
[15:51:38] SKIP (no tags): 2024-10-24 - Test.md
[15:51:38] RUN SUMMARY: files=1 dispatched=0 partial=0 skipped=1 failed=0
[15:56:38] SKIP (no tags): 2024-10-24 - Test.md
[15:56:38] RUN SUMMARY: files=1 dispatched=0 partial=0 skipped=1 failed=0
[16:01:39] SKIP (no tags): 2024-10-24 - Test.md
[16:01:39] RUN SUMMARY: files=1 dispatched=0 partial=0 skipped=1 failed=0
[16:06:38] SKIP (no tags): 2024-10-24 - Test.md
[16:06:38] RUN SUMMARY: files=1 dispatched=0 partial=0 skipped=1 failed=0
[16:11:38] SKIP (no tags): 2024-10-24 - Test.md
[16:11:38] RUN SUMMARY: files=1 dispatched=0 partial=0 skipped=1 failed=0
[16:16:38] SKIP (no tags): 2024-10-24 - Test.md
[16:16:38] RUN SUMMARY: files=1 dispatched=0 partial=0 skipped=1 failed=0
[16:21:38] SKIP (no tags): 2024-10-24 - Test.md
[16:21:38] RUN SUMMARY: files=1 dispatched=0 partial=0 skipped=1 failed=0
[16:26:38] SKIP (no tags): 2024-10-24 - Test.md
[16:26:38] RUN SUMMARY: files=1 dispatched=0 partial=0 skipped=1 failed=0
[16:31:38] SKIP (no tags): 2024-10-24 - Test.md
[16:31:38] SKIP (no tags): 2026-10-03 - Numeric Identifier 1555829081562546196.md
[16:31:38] RUN SUMMARY: files=2 dispatched=0 partial=0 skipped=2 failed=0
[16:36:38] SKIP (no tags): 2024-10-24 - Test.md
[16:36:38] SKIP (no tags): 2026-10-03 - Numeric Identifier 1555829081562546196.md
[16:36:38] RUN SUMMARY: files=2 dispatched=0 partial=0 skipped=2 failed=0
[16:41:38] SKIP (no tags): 2024-10-24 - Test.md
[16:41:38] SKIP (no tags): 2026-10-03 - Numeric Identifier 1555829081562546196.md
[16:41:38] RUN SUMMARY: files=2 dispatched=0 partial=0 skipped=2 failed=0
[16:46:38] SKIP (no tags): 2024-10-24 - Test.md
[16:46:38] SKIP (no tags): 2026-10-03 - Numeric Identifier 1555829081562546196.md
[16:46:38] RUN SUMMARY: files=2 dispatched=0 partial=0 skipped=2 failed=0
[16:51:38] SKIP (no tags): 2024-10-24 - Test.md
[16:51:38] SKIP (no tags): 2026-10-03 - Numeric Identifier 1555829081562546196.md
[16:51:38] RUN SUMMARY: files=2 dispatched=0 partial=0 skipped=2 failed=0
[16:56:38] SKIP (no tags): 2024-10-24 - Test.md
[16:56:38] SKIP (no tags): 2026-10-03 - Numeric Identifier 1555829081562546196.md
[16:56:38] RUN SUMMARY: files=2 dispatched=0 partial=0 skipped=2 failed=0
[17:01:38] SKIP (no tags): 2024-10-24 - Test.md
[17:01:38] SKIP (no tags): 2026-10-03 - Numeric Identifier 1555829081562546196.md
[17:01:39] RUN SUMMARY: files=2 dispatched=0 partial=0 skipped=2 failed=0
[17:06:38] SKIP (no tags): 2024-10-24 - Test.md
[17:06:38] SKIP (no tags): 2026-10-03 - Numeric Identifier 1555829081562546196.md
[17:06:38] RUN SUMMARY: files=2 dispatched=0 partial=0 skipped=2 failed=0
[17:11:38] SKIP (no tags): 2024-10-24 - Test.md
[17:11:38] SKIP (no tags): 2026-10-03 - Numeric Identifier 1555829081562546196.md
[17:11:38] RUN SUMMARY: files=2 dispatched=0 partial=0 skipped=2 failed=0
[17:16:38] SKIP (no tags): 2024-10-24 - Test.md
[17:16:38] SKIP (no tags): 2026-10-03 - Numeric Identifier 1555829081562546196.md
[17:16:38] RUN SUMMARY: files=2 dispatched=0 partial=0 skipped=2 failed=0
[17:21:38] SKIP (no tags): 2024-10-24 - Test.md
[17:21:38] SKIP (no tags): 2026-10-03 - Numeric Identifier 1555829081562546196.md
[17:21:38] RUN SUMMARY: files=2 dispatched=0 partial=0 skipped=2 failed=0
[17:26:38] SKIP (no tags): 2024-10-24 - Test.md
[17:26:38] SKIP (no tags): 2026-10-03 - Numeric Identifier 1555829081562546196.md
[17:26:38] RUN SUMMARY: files=2 dispatched=0 partial=0 skipped=2 failed=0
[17:31:38] SKIP (no tags): 2024-10-24 - Test.md
[17:31:38] SKIP (no tags): 2026-10-03 - Numeric Identifier 1555829081562546196.md
[17:31:38] RUN SUMMARY: files=2 dispatched=0 partial=0 skipped=2 failed=0
[17:36:38] SKIP (no tags): 2024-10-24 - Test.md
[17:36:39] SKIP (no tags): 2026-10-03 - Numeric Identifier 1555829081562546196.md
[17:36:39] RUN SUMMARY: files=2 dispatched=0 partial=0 skipped=2 failed=0
[17:41:38] SKIP (no tags): 2024-10-24 - Test.md
[17:41:39] SKIP (no tags): 2026-10-03 - Numeric Identifier 1555829081562546196.md
[17:41:39] RUN SUMMARY: files=2 dispatched=0 partial=0 skipped=2 failed=0
[17:46:38] SKIP (no tags): 2024-10-24 - Test.md
[17:46:39] SKIP (no tags): 2026-10-03 - Numeric Identifier 1555829081562546196.md
[17:46:39] RUN SUMMARY: files=2 dispatched=0 partial=0 skipped=2 failed=0
[17:51:38] SKIP (no tags): 2024-10-24 - Test.md
[17:51:39] SKIP (no tags): 2026-10-03 - Numeric Identifier 1555829081562546196.md
[17:51:39] RUN SUMMARY: files=2 dispatched=0 partial=0 skipped=2 failed=0
[17:56:38] SKIP (no tags): 2024-10-24 - Test.md
[17:56:38] SKIP (no tags): 2026-10-03 - Numeric Identifier 1555829081562546196.md
[17:56:38] RUN SUMMARY: files=2 dispatched=0 partial=0 skipped=2 failed=0
[18:01:38] SKIP (no tags): 2024-10-24 - Test.md
[18:01:39] SKIP (no tags): 2026-10-03 - Numeric Identifier 1555829081562546196.md
[18:01:39] RUN SUMMARY: files=2 dispatched=0 partial=0 skipped=2 failed=0
[18:06:38] SKIP (no tags): 2024-10-24 - Test.md
[18:06:38] SKIP (no tags): 2026-10-03 - Numeric Identifier 1555829081562546196.md
[18:06:38] RUN SUMMARY: files=2 dispatched=0 partial=0 skipped=2 failed=0
[18:11:38] SKIP (no tags): 2024-10-24 - Test.md
[18:11:39] SKIP (no tags): 2026-10-03 - Numeric Identifier 1555829081562546196.md
[18:11:39] RUN SUMMARY: files=2 dispatched=0 partial=0 skipped=2 failed=0
[18:16:38] SKIP (no tags): 2024-10-24 - Test.md
[18:16:39] SKIP (no tags): 2026-10-03 - Numeric Identifier 1555829081562546196.md
[18:16:39] RUN SUMMARY: files=2 dispatched=0 partial=0 skipped=2 failed=0
[18:21:38] SKIP (no tags): 2024-10-24 - Test.md
[18:21:39] SKIP (no tags): 2026-10-03 - Numeric Identifier 1555829081562546196.md
[18:21:39] RUN SUMMARY: files=2 dispatched=0 partial=0 skipped=2 failed=0
[18:26:38] SKIP (no tags): 2024-10-24 - Test.md
[18:26:39] SKIP (no tags): 2026-10-03 - Numeric Identifier 1555829081562546196.md
[18:26:39] RUN SUMMARY: files=2 dispatched=0 partial=0 skipped=2 failed=0
[18:31:38] SKIP (no tags): 2024-10-24 - Test.md
[18:31:39] SKIP (no tags): 2026-10-03 - Numeric Identifier 1555829081562546196.md
[18:31:39] RUN SUMMARY: files=2 dispatched=0 partial=0 skipped=2 failed=0
[18:36:38] SKIP (no tags): 2024-10-24 - Test.md
[18:36:39] SKIP (no tags): 2026-10-03 - Numeric Identifier 1555829081562546196.md
[18:36:39] RUN SUMMARY: files=2 dispatched=0 partial=0 skipped=2 failed=0
[18:41:38] SKIP (no tags): 2024-10-24 - Test.md
[18:41:39] SKIP (no tags): 2026-10-03 - Numeric Identifier 1555829081562546196.md
[18:41:39] RUN SUMMARY: files=2 dispatched=0 partial=0 skipped=2 failed=0
[18:46:38] SKIP (no tags): 2024-10-24 - Test.md
[18:46:39] SKIP (no tags): 2026-10-03 - Numeric Identifier 1555829081562546196.md
[18:46:39] RUN SUMMARY: files=2 dispatched=0 partial=0 skipped=2 failed=0
[18:51:38] SKIP (no tags): 2024-10-24 - Test.md
[18:51:39] SKIP (no tags): 2026-10-03 - Numeric Identifier 1555829081562546196.md
[18:51:39] RUN SUMMARY: files=2 dispatched=0 partial=0 skipped=2 failed=0
[18:56:38] SKIP (no tags): 2024-10-24 - Test.md
[18:56:39] SKIP (no tags): 2026-10-03 - Numeric Identifier 1555829081562546196.md
[18:56:39] RUN SUMMARY: files=2 dispatched=0 partial=0 skipped=2 failed=0
[19:01:38] SKIP (no tags): 2024-10-24 - Test.md
[19:01:39] SKIP (no tags): 2026-10-03 - Numeric Identifier 1555829081562546196.md
[19:01:39] RUN SUMMARY: files=2 dispatched=0 partial=0 skipped=2 failed=0
[19:06:38] SKIP (no tags): 2024-10-24 - Test.md
[19:06:39] SKIP (no tags): 2026-10-03 - Numeric Identifier 1555829081562546196.md
[19:06:39] RUN SUMMARY: files=2 dispatched=0 partial=0 skipped=2 failed=0
[19:11:38] SKIP (no tags): 2024-10-24 - Test.md
[19:11:39] SKIP (no tags): 2026-10-03 - Numeric Identifier 1555829081562546196.md
[19:11:39] RUN SUMMARY: files=2 dispatched=0 partial=0 skipped=2 failed=0
[19:16:38] SKIP (no tags): 2024-10-24 - Test.md
[19:16:39] SKIP (no tags): 2026-10-03 - Numeric Identifier 1555829081562546196.md
[19:16:39] RUN SUMMARY: files=2 dispatched=0 partial=0 skipped=2 failed=0
[19:21:38] SKIP (no tags): 2024-10-24 - Test.md
[19:21:39] SKIP (no tags): 2026-10-03 - Numeric Identifier 1555829081562546196.md
[19:21:39] RUN SUMMARY: files=2 dispatched=0 partial=0 skipped=2 failed=0
[19:26:38] SKIP (no tags): 2024-10-24 - Test.md
[19:26:39] SKIP (no tags): 2026-10-03 - Numeric Identifier 1555829081562546196.md
[19:26:39] RUN SUMMARY: files=2 dispatched=0 partial=0 skipped=2 failed=0
[19:31:37] SKIP (no tags): 2024-10-24 - Test.md
[19:31:38] SKIP (no tags): 2026-10-03 - Numeric Identifier 1555829081562546196.md
[19:31:38] RUN SUMMARY: files=2 dispatched=0 partial=0 skipped=2 failed=0
[19:36:37] SKIP (no tags): 2024-10-24 - Test.md
[19:36:38] SKIP (no tags): 2026-10-03 - Numeric Identifier 1555829081562546196.md
[19:36:38] RUN SUMMARY: files=2 dispatched=0 partial=0 skipped=2 failed=0
[19:41:37] SKIP (no tags): 2024-10-24 - Test.md
[19:41:38] SKIP (no tags): 2026-10-03 - Numeric Identifier 1555829081562546196.md
[19:41:38] RUN SUMMARY: files=2 dispatched=0 partial=0 skipped=2 failed=0
[19:46:37] SKIP (no tags): 2024-10-24 - Test.md
[19:46:38] SKIP (no tags): 2026-10-03 - Numeric Identifier 1555829081562546196.md
[19:46:38] RUN SUMMARY: files=2 dispatched=0 partial=0 skipped=2 failed=0
[19:51:37] SKIP (no tags): 2024-10-24 - Test.md
[19:51:38] SKIP (no tags): 2026-10-03 - Numeric Identifier 1555829081562546196.md
[19:51:38] RUN SUMMARY: files=2 dispatched=0 partial=0 skipped=2 failed=0
[19:56:37] SKIP (no tags): 2024-10-24 - Test.md
[19:56:38] SKIP (no tags): 2026-10-03 - Numeric Identifier 1555829081562546196.md
[19:56:38] RUN SUMMARY: files=2 dispatched=0 partial=0 skipped=2 failed=0
[20:01:37] SKIP (no tags): 2024-10-24 - Test.md
[20:01:38] SKIP (no tags): 2026-10-03 - Numeric Identifier 1555829081562546196.md
[20:01:38] RUN SUMMARY: files=2 dispatched=0 partial=0 skipped=2 failed=0
[20:06:37] SKIP (no tags): 2024-10-24 - Test.md
[20:06:38] SKIP (no tags): 2026-10-03 - Numeric Identifier 1555829081562546196.md
[20:06:38] RUN SUMMARY: files=2 dispatched=0 partial=0 skipped=2 failed=0
[20:11:37] SKIP (no tags): 2024-10-24 - Test.md
[20:11:38] SKIP (no tags): 2026-10-03 - Numeric Identifier 1555829081562546196.md
[20:11:38] RUN SUMMARY: files=2 dispatched=0 partial=0 skipped=2 failed=0
[20:16:37] SKIP (no tags): 2024-10-24 - Test.md
[20:16:38] SKIP (no tags): 2026-10-03 - Numeric Identifier 1555829081562546196.md
[20:16:38] RUN SUMMARY: files=2 dispatched=0 partial=0 skipped=2 failed=0
[20:21:37] SKIP (no tags): 2024-10-24 - Test.md
[20:21:38] SKIP (no tags): 2026-10-03 - Numeric Identifier 1555829081562546196.md
[20:21:38] RUN SUMMARY: files=2 dispatched=0 partial=0 skipped=2 failed=0
[20:26:37] SKIP (no tags): 2024-10-24 - Test.md
[20:26:38] SKIP (no tags): 2026-10-03 - Numeric Identifier 1555829081562546196.md
[20:26:38] RUN SUMMARY: files=2 dispatched=0 partial=0 skipped=2 failed=0
[20:31:38] SKIP (no tags): 2024-10-24 - Test.md
[20:31:38] SKIP (no tags): 2026-10-03 - Numeric Identifier 1555829081562546196.md
[20:31:38] RUN SUMMARY: files=2 dispatched=0 partial=0 skipped=2 failed=0
[20:36:38] SKIP (no tags): 2024-10-24 - Test.md
[20:36:38] SKIP (no tags): 2026-10-03 - Numeric Identifier 1555829081562546196.md
[20:36:38] RUN SUMMARY: files=2 dispatched=0 partial=0 skipped=2 failed=0
[20:41:41] SKIP (no tags): 2024-10-24 - Test.md
[20:41:41] SKIP (no tags): 2026-10-03 - Numeric Identifier 1555829081562546196.md
[20:41:42] RUN SUMMARY: files=2 dispatched=0 partial=0 skipped=2 failed=0
[20:46:38] SKIP (no tags): 2024-10-24 - Test.md
[20:46:38] SKIP (no tags): 2026-10-03 - Numeric Identifier 1555829081562546196.md
[20:46:38] RUN SUMMARY: files=2 dispatched=0 partial=0 skipped=2 failed=0
[20:51:39] SKIP (no tags): 2024-10-24 - Test.md
[20:51:39] SKIP (no tags): 2026-10-03 - Numeric Identifier 1555829081562546196.md
[20:51:39] RUN SUMMARY: files=2 dispatched=0 partial=0 skipped=2 failed=0
[20:56:38] SKIP (no tags): 2024-10-24 - Test.md
[20:56:38] SKIP (no tags): 2026-10-03 - Numeric Identifier 1555829081562546196.md
[20:56:38] RUN SUMMARY: files=2 dispatched=0 partial=0 skipped=2 failed=0
[21:01:38] SKIP (no tags): 2024-10-24 - Test.md
[21:01:38] SKIP (no tags): 2026-10-03 - Numeric Identifier 1555829081562546196.md
[21:01:38] RUN SUMMARY: files=2 dispatched=0 partial=0 skipped=2 failed=0
[21:06:38] SKIP (no tags): 2024-10-24 - Test.md
[21:06:38] SKIP (no tags): 2026-10-03 - Numeric Identifier 1555829081562546196.md
[21:06:38] RUN SUMMARY: files=2 dispatched=0 partial=0 skipped=2 failed=0
[21:11:38] SKIP (no tags): 2024-10-24 - Test.md
[21:11:38] SKIP (no tags): 2026-10-03 - Numeric Identifier 1555829081562546196.md
[21:11:38] RUN SUMMARY: files=2 dispatched=0 partial=0 skipped=2 failed=0
[21:16:38] SKIP (no tags): 2024-10-24 - Test.md
[21:16:38] SKIP (no tags): 2026-10-03 - Numeric Identifier 1555829081562546196.md
[21:16:38] RUN SUMMARY: files=2 dispatched=0 partial=0 skipped=2 failed=0
[21:21:38] SKIP (no tags): 2024-10-24 - Test.md
[21:21:38] SKIP (no tags): 2026-10-03 - Numeric Identifier 1555829081562546196.md
[21:21:38] RUN SUMMARY: files=2 dispatched=0 partial=0 skipped=2 failed=0
[21:26:38] SKIP (no tags): 2024-10-24 - Test.md
[21:26:38] SKIP (no tags): 2026-10-03 - Numeric Identifier 1555829081562546196.md
[21:26:38] RUN SUMMARY: files=2 dispatched=0 partial=0 skipped=2 failed=0
[21:31:38] SKIP (no tags): 2024-10-24 - Test.md
[21:31:39] SKIP (no tags): 2026-10-03 - Numeric Identifier 1555829081562546196.md
[21:31:39] RUN SUMMARY: files=2 dispatched=0 partial=0 skipped=2 failed=0
[21:36:38] SKIP (no tags): 2024-10-24 - Test.md
[21:36:38] SKIP (no tags): 2026-10-03 - Numeric Identifier 1555829081562546196.md
[21:36:38] RUN SUMMARY: files=2 dispatched=0 partial=0 skipped=2 failed=0
[21:41:38] SKIP (no tags): 2024-10-24 - Test.md
[21:41:38] SKIP (no tags): 2026-10-03 - Numeric Identifier 1555829081562546196.md
[21:41:38] RUN SUMMARY: files=2 dispatched=0 partial=0 skipped=2 failed=0
[21:46:38] SKIP (no tags): 2024-10-24 - Test.md
[21:46:38] SKIP (no tags): 2026-10-03 - Numeric Identifier 1555829081562546196.md
[21:46:38] RUN SUMMARY: files=2 dispatched=0 partial=0 skipped=2 failed=0
[21:51:38] SKIP (no tags): 2024-10-24 - Test.md
[21:51:38] SKIP (no tags): 2026-10-03 - Numeric Identifier 1555829081562546196.md
[21:51:38] RUN SUMMARY: files=2 dispatched=0 partial=0 skipped=2 failed=0
[21:56:38] SKIP (no tags): 2024-10-24 - Test.md
[21:56:38] SKIP (no tags): 2026-10-03 - Numeric Identifier 1555829081562546196.md
[21:56:38] RUN SUMMARY: files=2 dispatched=0 partial=0 skipped=2 failed=0
[22:01:38] SKIP (no tags): 2024-10-24 - Test.md
[22:01:38] SKIP (no tags): 2026-10-03 - Numeric Identifier 1555829081562546196.md
[22:01:38] RUN SUMMARY: files=2 dispatched=0 partial=0 skipped=2 failed=0
[22:06:38] SKIP (no tags): 2024-10-24 - Test.md
[22:06:38] SKIP (no tags): 2026-10-03 - Numeric Identifier 1555829081562546196.md
[22:06:38] RUN SUMMARY: files=2 dispatched=0 partial=0 skipped=2 failed=0
[22:11:38] SKIP (no tags): 2024-10-24 - Test.md
[22:11:38] SKIP (no tags): 2026-10-03 - Numeric Identifier 1555829081562546196.md
[22:11:38] RUN SUMMARY: files=2 dispatched=0 partial=0 skipped=2 failed=0
[22:16:38] SKIP (no tags): 2024-10-24 - Test.md
[22:16:38] SKIP (no tags): 2026-10-03 - Numeric Identifier 1555829081562546196.md
[22:16:38] RUN SUMMARY: files=2 dispatched=0 partial=0 skipped=2 failed=0
[22:21:38] SKIP (no tags): 2024-10-24 - Test.md
[22:21:38] SKIP (no tags): 2026-10-03 - Numeric Identifier 1555829081562546196.md
[22:21:38] RUN SUMMARY: files=2 dispatched=0 partial=0 skipped=2 failed=0
[22:26:38] SKIP (no tags): 2024-10-24 - Test.md
[22:26:38] SKIP (no tags): 2026-10-03 - Numeric Identifier 1555829081562546196.md
[22:26:38] RUN SUMMARY: files=2 dispatched=0 partial=0 skipped=2 failed=0
[22:31:38] SKIP (no tags): 2024-10-24 - Test.md
[22:31:38] SKIP (no tags): 2026-10-03 - Numeric Identifier 1555829081562546196.md
[22:31:38] RUN SUMMARY: files=2 dispatched=0 partial=0 skipped=2 failed=0
[22:36:38] SKIP (no tags): 2024-10-24 - Test.md
[22:36:38] SKIP (no tags): 2026-10-03 - Numeric Identifier 1555829081562546196.md
[22:36:38] RUN SUMMARY: files=2 dispatched=0 partial=0 skipped=2 failed=0
[22:41:38] SKIP (no tags): 2024-10-24 - Test.md
[22:41:38] SKIP (no tags): 2026-10-03 - Numeric Identifier 1555829081562546196.md
[22:41:38] RUN SUMMARY: files=2 dispatched=0 partial=0 skipped=2 failed=0
[22:46:38] SKIP (no tags): 2024-10-24 - Test.md
[22:46:38] SKIP (no tags): 2026-10-03 - Numeric Identifier 1555829081562546196.md
[22:46:38] RUN SUMMARY: files=2 dispatched=0 partial=0 skipped=2 failed=0
[22:51:38] SKIP (no tags): 2024-10-24 - Test.md
[22:51:38] SKIP (no tags): 2026-10-03 - Numeric Identifier 1555829081562546196.md
[22:51:38] RUN SUMMARY: files=2 dispatched=0 partial=0 skipped=2 failed=0
[22:56:38] SKIP (no tags): 2024-10-24 - Test.md
[22:56:38] SKIP (no tags): 2026-10-03 - Numeric Identifier 1555829081562546196.md
[22:56:38] RUN SUMMARY: files=2 dispatched=0 partial=0 skipped=2 failed=0
[23:01:38] SKIP (no tags): 2024-10-24 - Test.md
[23:01:38] SKIP (no tags): 2026-10-03 - Numeric Identifier 1555829081562546196.md
[23:01:38] RUN SUMMARY: files=2 dispatched=0 partial=0 skipped=2 failed=0
[23:06:38] SKIP (no tags): 2024-10-24 - Test.md
[23:06:38] SKIP (no tags): 2026-10-03 - Numeric Identifier 1555829081562546196.md
[23:06:38] RUN SUMMARY: files=2 dispatched=0 partial=0 skipped=2 failed=0
[23:11:38] SKIP (no tags): 2024-10-24 - Test.md
[23:11:38] SKIP (no tags): 2026-10-03 - Numeric Identifier 1555829081562546196.md
[23:11:38] RUN SUMMARY: files=2 dispatched=0 partial=0 skipped=2 failed=0
[23:16:38] SKIP (no tags): 2024-10-24 - Test.md
[23:16:38] SKIP (no tags): 2026-10-03 - Numeric Identifier 1555829081562546196.md
[23:16:39] RUN SUMMARY: files=2 dispatched=0 partial=0 skipped=2 failed=0
[23:21:38] SKIP (no tags): 2024-10-24 - Test.md
[23:21:38] SKIP (no tags): 2026-10-03 - Numeric Identifier 1555829081562546196.md
[23:21:39] RUN SUMMARY: files=2 dispatched=0 partial=0 skipped=2 failed=0
[23:26:38] SKIP (no tags): 2024-10-24 - Test.md
[23:26:38] SKIP (no tags): 2026-10-03 - Numeric Identifier 1555829081562546196.md
[23:26:38] RUN SUMMARY: files=2 dispatched=0 partial=0 skipped=2 failed=0
[23:31:38] SKIP (no tags): 2024-10-24 - Test.md
[23:31:38] SKIP (no tags): 2026-10-03 - Numeric Identifier 1555829081562546196.md
[23:31:38] RUN SUMMARY: files=2 dispatched=0 partial=0 skipped=2 failed=0
[23:36:38] SKIP (no tags): 2024-10-24 - Test.md
[23:36:38] SKIP (no tags): 2026-10-03 - Numeric Identifier 1555829081562546196.md
[23:36:38] RUN SUMMARY: files=2 dispatched=0 partial=0 skipped=2 failed=0
[23:41:38] SKIP (no tags): 2024-10-24 - Test.md
[23:41:38] SKIP (no tags): 2026-10-03 - Numeric Identifier 1555829081562546196.md
[23:41:38] RUN SUMMARY: files=2 dispatched=0 partial=0 skipped=2 failed=0
[23:46:38] SKIP (no tags): 2024-10-24 - Test.md
[23:46:38] SKIP (no tags): 2026-10-03 - Numeric Identifier 1555829081562546196.md
[23:46:38] RUN SUMMARY: files=2 dispatched=0 partial=0 skipped=2 failed=0
[23:51:38] SKIP (no tags): 2024-10-24 - Test.md
[23:51:38] SKIP (no tags): 2026-10-03 - Numeric Identifier 1555829081562546196.md
[23:51:38] RUN SUMMARY: files=2 dispatched=0 partial=0 skipped=2 failed=0
[23:56:38] SKIP (no tags): 2024-10-24 - Test.md
[23:56:38] SKIP (no tags): 2026-10-03 - Numeric Identifier 1555829081562546196.md
[23:56:38] RUN SUMMARY: files=2 dispatched=0 partial=0 skipped=2 failed=0
