```text
diff --git a/app/globals.css b/app/globals.css
index 058aa28..7e99663 100644
--- a/app/globals.css
+++ b/app/globals.css
@@ -24,7 +24,7 @@
   --accent: oklch(0.85 0.08 160);
   --accent-foreground: oklch(0.25 0.02 160);
   --destructive: oklch(0.577 0.245 27.325);
-  --destructive-foreground: oklch(0.577 0.245 27.325);
+  --destructive-foreground: oklch(1 0 0); /* = the components' text-white: 4.76:1 on --destructive */
   --border: oklch(0.90 0.02 240);
   --input: oklch(0.95 0.01 240);
   --ring: oklch(0.65 0.12 200);
@@ -60,7 +60,7 @@
   --accent: oklch(0.269 0 0);
   --accent-foreground: oklch(0.985 0 0);
   --destructive: oklch(0.396 0.141 25.723);
-  --destructive-foreground: oklch(0.637 0.237 25.331);
+  --destructive-foreground: oklch(1 0 0); /* = the components' text-white: 10.06:1 on --destructive */
   --border: oklch(0.269 0 0);
   --input: oklch(0.269 0 0);
   --ring: oklch(0.439 0 0);
diff --git a/components/ui/toast.tsx b/components/ui/toast.tsx
index 40eedf5..9bf7d31 100644
--- a/components/ui/toast.tsx
+++ b/components/ui/toast.tsx
@@ -106,7 +106,7 @@ const ToastDescription = React.forwardRef<
 >(({ className, ...props }, ref) => (
   <ToastPrimitives.Description
     ref={ref}
-    className={cn('text-sm opacity-90', className)}
+    className={cn('text-sm opacity-90 group-[.destructive]:opacity-100', className)}
     {...props}
   />
 ))
```

```text
 M app/globals.css
 M components/ui/toast.tsx
 M next-env.d.ts
?? debug_reports/toast_destructive_after_dark_20261010.png
?? debug_reports/toast_destructive_after_light_20261010.png
?? debug_reports/toast_destructive_before_dark_20261010.png
?? debug_reports/toast_destructive_before_light_20261010.png
?? scratch/
```

app/globals.css: changed 2 lines
components/ui/toast.tsx: changed 1 line
